
------ Fichier ELF "./elf/boucle.o" : sections lues lors du chargement ------
Virtual memory map (4 segments)
.text   	r-x	Vaddr: 0x00000000	Size: 24 bytes
.data   	rw-	Vaddr: 0x00001000	Size: 4 bytes
.bss    	rw-	Vaddr: 0x00002000	Size: 0 bytes
[STACK] 	rw-	Vaddr: 0xfffff000	Size: 8388608 bytes
Symbol table has 7 syms:
Symbol            .text (0    bytes @ 0x00000000): section
Symbol            .data (0    bytes @ 0x00000000): section
Symbol             .bss (0    bytes @ 0x00000000): section
Symbol         .reginfo (0    bytes @ 0x00000000): section
Symbol             .pdr (0    bytes @ 0x00000000): section
Symbol           _start (0    bytes @ 0x00000000): object
Symbol                X (0    bytes @ 0x00000000): no type
