0x14000000	0xfc000000	BNE	I	3	rs rt imm 
0x00000000	0xffffffff	NOP	J	0	
0x08000000	0xfc000000	J	J	1	target 
0x20000000	0xfc000000	ADDI	I	3	rt rs imm 
0x00000020	0xfc0007ff	ADD	R	3	rd rs rt 
0x00000010: 0x00000000 NOP 
0x00000010: 0x00000000 NOP 
0x00000000: 0x2009000c ADDI $9 $0 12 
0x00000004: 0x00005020 ADD $10 $0 $0 
0x00000000: 0x2009000c ADDI $9 $0 12 
0x00000004: 0x00005020 ADD $10 $0 $0 
0x00000000: 0x2009000c ADDI $9 $0 12 
0x00000000: 0x2009000c ADDI $9 $0 12 
0x00000000: 0x2009000c ADDI $9 $0 12 
